{
  "version": "1.5.0",
  "plugins_used": [
    {
      "name": "ArtifactoryDetector"
    },
    {
      "name": "AWSKeyDetector"
    },
    {
      "name": "AzureStorageKeyDetector"
    },
    {
      "name": "Base64HighEntropyString",
      "limit": 4.5
    },
    {
      "name": "BasicAuthDetector"
    },
    {
      "name": "CloudantDetector"
    },
    {
      "name": "DiscordBotTokenDetector"
    },
    {
      "name": "GitHubTokenDetector"
    },
    {
      "name": "GitLabTokenDetector"
    },
    {
      "name": "HexHighEntropyString",
      "limit": 3.0
    },
    {
      "name": "IbmCloudIamDetector"
    },
    {
      "name": "IbmCosHmacDetector"
    },
    {
      "name": "IPPublicDetector"
    },
    {
      "name": "JwtTokenDetector"
    },
    {
      "name": "KeywordDetector",
      "keyword_exclude": ""
    },
    {
      "name": "MailchimpDetector"
    },
    {
      "name": "NpmDetector"
    },
    {
      "name": "OpenAIDetector"
    },
    {
      "name": "PrivateKeyDetector"
    },
    {
      "name": "PypiTokenDetector"
    },
    {
      "name": "SendGridDetector"
    },
    {
      "name": "SlackDetector"
    },
    {
      "name": "SoftlayerDetector"
    },
    {
      "name": "SquareOAuthDetector"
    },
    {
      "name": "StripeDetector"
    },
    {
      "name": "TelegramBotTokenDetector"
    },
    {
      "name": "TwilioKeyDetector"
    }
  ],
  "filters_used": [
    {
      "path": "detect_secrets.filters.allowlist.is_line_allowlisted"
    },
    {
      "path": "detect_secrets.filters.common.is_baseline_file",
      "filename": ".secrets.baseline"
    },
    {
      "path": "detect_secrets.filters.common.is_ignored_due_to_verification_policies",
      "min_level": 2
    },
    {
      "path": "detect_secrets.filters.heuristic.is_indirect_reference"
    },
    {
      "path": "detect_secrets.filters.heuristic.is_likely_id_string"
    },
    {
      "path": "detect_secrets.filters.heuristic.is_lock_file"
    },
    {
      "path": "detect_secrets.filters.heuristic.is_not_alphanumeric_string"
    },
    {
      "path": "detect_secrets.filters.heuristic.is_potential_uuid"
    },
    {
      "path": "detect_secrets.filters.heuristic.is_prefixed_with_dollar_sign"
    },
    {
      "path": "detect_secrets.filters.heuristic.is_sequential_string"
    },
    {
      "path": "detect_secrets.filters.heuristic.is_swagger_file"
    },
    {
      "path": "detect_secrets.filters.heuristic.is_templated_secret"
    }
  ],
  "results": {
    ".cursor/mcp-auth-servers.json": [
      {
        "type": "Basic Auth Credentials",
        "filename": ".cursor/mcp-auth-servers.json",
        "hashed_secret": "9d4e1e23bd5b727046a9e3b4b7db57bd8d6ee684",
        "is_verified": false,
        "line_number": 14
      },
      {
        "type": "Secret Keyword",
        "filename": ".cursor/mcp-auth-servers.json",
        "hashed_secret": "8e654d301a0c12b9ffd9e134b7b1d99ddf402e24",
        "is_verified": false,
        "line_number": 27
      },
      {
        "type": "Secret Keyword",
        "filename": ".cursor/mcp-auth-servers.json",
        "hashed_secret": "85c1d13acf7787a0295ac388805197f1f7499ebd",
        "is_verified": false,
        "line_number": 46
      }
    ],
    ".cursor/rules/api.mdc": [
      {
        "type": "Secret Keyword",
        "filename": ".cursor/rules/api.mdc",
        "hashed_secret": "c4e2f9311369460f7302b54d50356a86adc87f97",
        "is_verified": false,
        "line_number": 62
      }
    ],
    ".env.test": [
      {
        "type": "Secret Keyword",
        "filename": ".env.test",
        "hashed_secret": "5b57e41779d3ae0e28c719187ef16e4e5c7d93bc",
        "is_verified": false,
        "line_number": 30
      },
      {
        "type": "Secret Keyword",
        "filename": ".env.test",
        "hashed_secret": "7763897da1e752566ff417dfa4fe8257a84fb3b3",
        "is_verified": false,
        "line_number": 31
      }
    ],
    ".github/workflows/_reusable-video-recording.yml": [
      {
        "type": "Secret Keyword",
        "filename": ".github/workflows/_reusable-video-recording.yml",
        "hashed_secret": "099011ef86eff0bc535531a3dd85e2b9b532442d",
        "is_verified": false,
        "line_number": 233
      },
      {
        "type": "Secret Keyword",
        "filename": ".github/workflows/_reusable-video-recording.yml",
        "hashed_secret": "e74425a5b48c2e6fa2a993d2c483127de3a48425",
        "is_verified": false,
        "line_number": 233
      }
    ],
    ".github/workflows/self-healing-ci.yml": [
      {
        "type": "Secret Keyword",
        "filename": ".github/workflows/self-healing-ci.yml",
        "hashed_secret": "099011ef86eff0bc535531a3dd85e2b9b532442d",
        "is_verified": false,
        "line_number": 229
      },
      {
        "type": "Secret Keyword",
        "filename": ".github/workflows/self-healing-ci.yml",
        "hashed_secret": "c1e3c555eeb7c5f3a7d30dd4c70dad226fd91cd7",
        "is_verified": false,
        "line_number": 229
      }
    ],
    ".github/workflows/user-journey-tests.yml": [
      {
        "type": "Secret Keyword",
        "filename": ".github/workflows/user-journey-tests.yml",
        "hashed_secret": "877c8946dc8aecc9f85d38004171bdadd78a8a22",
        "is_verified": false,
        "line_number": 909
      },
      {
        "type": "Secret Keyword",
        "filename": ".github/workflows/user-journey-tests.yml",
        "hashed_secret": "ef27d9f4c23057ddf01424ada93c48944b9d2a41",
        "is_verified": false,
        "line_number": 909
      }
    ],
    "DEPLOYMENT.md": [
      {
        "type": "Basic Auth Credentials",
        "filename": "DEPLOYMENT.md",
        "hashed_secret": "9d4e1e23bd5b727046a9e3b4b7db57bd8d6ee684",
        "is_verified": false,
        "line_number": 166
      }
    ],
    "SECURITY.md": [
      {
        "type": "Basic Auth Credentials",
        "filename": "SECURITY.md",
        "hashed_secret": "9d4e1e23bd5b727046a9e3b4b7db57bd8d6ee684",
        "is_verified": false,
        "line_number": 83
      },
      {
        "type": "Secret Keyword",
        "filename": "SECURITY.md",
        "hashed_secret": "6f700cc173cec62aa6e0d18cc87f7224a01e245a",
        "is_verified": false,
        "line_number": 156
      }
    ],
    "apps/agents/_sdk/kagami-storage.js": [
      {
        "type": "Secret Keyword",
        "filename": "apps/agents/_sdk/kagami-storage.js",
        "hashed_secret": "e5e9fa1ba31ecd1ae84f75caaa474f3a663f05f4",
        "is_verified": false,
        "line_number": 47
      }
    ],
    "apps/android/kagami-android/app/src/main/java/com/kagami/android/di/AppModule.kt": [
      {
        "type": "Base64 High Entropy String",
        "filename": "apps/android/kagami-android/app/src/main/java/com/kagami/android/di/AppModule.kt",
        "hashed_secret": "7a31f2045dc91e8ee7dc63279710d841cc76ffbb",
        "is_verified": false,
        "line_number": 98
      },
      {
        "type": "Base64 High Entropy String",
        "filename": "apps/android/kagami-android/app/src/main/java/com/kagami/android/di/AppModule.kt",
        "hashed_secret": "dacf95829158263c7d3870eb1e9457cadf1740fe",
        "is_verified": false,
        "line_number": 102
      },
      {
        "type": "Base64 High Entropy String",
        "filename": "apps/android/kagami-android/app/src/main/java/com/kagami/android/di/AppModule.kt",
        "hashed_secret": "6d6f82d50af35ddd8fcc2e086c76cf6c87b02452",
        "is_verified": false,
        "line_number": 105
      }
    ],
    "apps/desktop/kagami-client/docs/CODE_SIGNING.md": [
      {
        "type": "Secret Keyword",
        "filename": "apps/desktop/kagami-client/docs/CODE_SIGNING.md",
        "hashed_secret": "0bcd81fed269c438fd9301ea2e9604a469238f84",
        "is_verified": false,
        "line_number": 85
      },
      {
        "type": "Secret Keyword",
        "filename": "apps/desktop/kagami-client/docs/CODE_SIGNING.md",
        "hashed_secret": "cdf933b33bfe7d717deb1555594ac08cfe114879",
        "is_verified": false,
        "line_number": 162
      },
      {
        "type": "Secret Keyword",
        "filename": "apps/desktop/kagami-client/docs/CODE_SIGNING.md",
        "hashed_secret": "9a8865e2b1cb897d2c5c6daa7dbda3704ab7b85b",
        "is_verified": false,
        "line_number": 163
      }
    ],
    "config/control4_director_token.txt": [
      {
        "type": "JSON Web Token",
        "filename": "config/control4_director_token.txt",
        "hashed_secret": "0445a88d461cdb9a91a8be78a2cb441d184d8582",
        "is_verified": false,
        "line_number": 1
      }
    ],
    "config/db/alembic.ini": [
      {
        "type": "Basic Auth Credentials",
        "filename": "config/db/alembic.ini",
        "hashed_secret": "5baa61e4c9b93f3f0682250b6cf8331b7ee68fd8",
        "is_verified": false,
        "line_number": 61
      }
    ],
    "config/smart_home_secrets.yaml.template": [
      {
        "type": "Secret Keyword",
        "filename": "config/smart_home_secrets.yaml.template",
        "hashed_secret": "8a4bca9eb81c32f97abd6190448432cf4aab804c",
        "is_verified": false,
        "line_number": 7
      },
      {
        "type": "Secret Keyword",
        "filename": "config/smart_home_secrets.yaml.template",
        "hashed_secret": "981eb7e146cab5b17b4c7f5f12af441d36d0cc36",
        "is_verified": false,
        "line_number": 11
      }
    ],
    "config/tesla-private-key.pem": [
      {
        "type": "Private Key",
        "filename": "config/tesla-private-key.pem",
        "hashed_secret": "f0778f3e140a61d5bbbed5430773e52af2f5fba4",
        "is_verified": false,
        "line_number": 1
      }
    ],
    "deploy/k8s/etcd-statefulset.yaml": [
      {
        "type": "Secret Keyword",
        "filename": "deploy/k8s/etcd-statefulset.yaml",
        "hashed_secret": "3248a35fdc8cc8e823179044d6c37f18b35438ed",
        "is_verified": false,
        "line_number": 152
      }
    ],
    "deploy/livekit/egress.yaml": [
      {
        "type": "Secret Keyword",
        "filename": "deploy/livekit/egress.yaml",
        "hashed_secret": "ea888389ccec4a32917a69fb7edd8f91f01fae1e",
        "is_verified": false,
        "line_number": 5
      },
      {
        "type": "Base64 High Entropy String",
        "filename": "deploy/livekit/egress.yaml",
        "hashed_secret": "f0fcdaa88e292d1009358e61b757d5b74dce13b6",
        "is_verified": false,
        "line_number": 6
      },
      {
        "type": "Secret Keyword",
        "filename": "deploy/livekit/egress.yaml",
        "hashed_secret": "f0fcdaa88e292d1009358e61b757d5b74dce13b6",
        "is_verified": false,
        "line_number": 6
      }
    ],
    "deploy/livekit/ingress.yaml": [
      {
        "type": "Secret Keyword",
        "filename": "deploy/livekit/ingress.yaml",
        "hashed_secret": "ea888389ccec4a32917a69fb7edd8f91f01fae1e",
        "is_verified": false,
        "line_number": 5
      },
      {
        "type": "Base64 High Entropy String",
        "filename": "deploy/livekit/ingress.yaml",
        "hashed_secret": "f0fcdaa88e292d1009358e61b757d5b74dce13b6",
        "is_verified": false,
        "line_number": 6
      },
      {
        "type": "Secret Keyword",
        "filename": "deploy/livekit/ingress.yaml",
        "hashed_secret": "f0fcdaa88e292d1009358e61b757d5b74dce13b6",
        "is_verified": false,
        "line_number": 6
      }
    ],
    "deploy/livekit/livekit.yaml": [
      {
        "type": "Base64 High Entropy String",
        "filename": "deploy/livekit/livekit.yaml",
        "hashed_secret": "f0fcdaa88e292d1009358e61b757d5b74dce13b6",
        "is_verified": false,
        "line_number": 22
      },
      {
        "type": "Secret Keyword",
        "filename": "deploy/livekit/livekit.yaml",
        "hashed_secret": "ea888389ccec4a32917a69fb7edd8f91f01fae1e",
        "is_verified": false,
        "line_number": 41
      }
    ],
    "deploy/livekit/sip.yaml": [
      {
        "type": "Secret Keyword",
        "filename": "deploy/livekit/sip.yaml",
        "hashed_secret": "ea888389ccec4a32917a69fb7edd8f91f01fae1e",
        "is_verified": false,
        "line_number": 5
      },
      {
        "type": "Base64 High Entropy String",
        "filename": "deploy/livekit/sip.yaml",
        "hashed_secret": "f0fcdaa88e292d1009358e61b757d5b74dce13b6",
        "is_verified": false,
        "line_number": 6
      },
      {
        "type": "Secret Keyword",
        "filename": "deploy/livekit/sip.yaml",
        "hashed_secret": "f0fcdaa88e292d1009358e61b757d5b74dce13b6",
        "is_verified": false,
        "line_number": 6
      }
    ],
    "docker-compose.yml": [
      {
        "type": "Secret Keyword",
        "filename": "docker-compose.yml",
        "hashed_secret": "5ffe533b830f08a0326348a9160afafc8ada44db",
        "is_verified": false,
        "line_number": 246
      },
      {
        "type": "Secret Keyword",
        "filename": "docker-compose.yml",
        "hashed_secret": "c939c7783d9b632694fa8fe6056b80b9d44b0c51",
        "is_verified": false,
        "line_number": 248
      }
    ],
    "docs/CLIENT_APPS.md": [
      {
        "type": "Secret Keyword",
        "filename": "docs/CLIENT_APPS.md",
        "hashed_secret": "fafec194c041a69ad36b239d48566569e95b8ed6",
        "is_verified": false,
        "line_number": 159
      }
    ],
    "docs/DEPLOYMENT.md": [
      {
        "type": "Basic Auth Credentials",
        "filename": "docs/DEPLOYMENT.md",
        "hashed_secret": "b60d121b438a380c343d5ec3c2037564b82ffef3",
        "is_verified": false,
        "line_number": 176
      },
      {
        "type": "Basic Auth Credentials",
        "filename": "docs/DEPLOYMENT.md",
        "hashed_secret": "9d4e1e23bd5b727046a9e3b4b7db57bd8d6ee684",
        "is_verified": false,
        "line_number": 737
      }
    ],
    "docs/LOGIN_WITH_KAGAMI.md": [
      {
        "type": "Secret Keyword",
        "filename": "docs/LOGIN_WITH_KAGAMI.md",
        "hashed_secret": "4e68df33ea50f3d0c1411047790a7f76ed97693b",
        "is_verified": false,
        "line_number": 207
      },
      {
        "type": "Secret Keyword",
        "filename": "docs/LOGIN_WITH_KAGAMI.md",
        "hashed_secret": "4828aeee87a0527949cb106d4c50ae10fd333cef",
        "is_verified": false,
        "line_number": 259
      }
    ],
    "docs/MCP_SERVER.md": [
      {
        "type": "Secret Keyword",
        "filename": "docs/MCP_SERVER.md",
        "hashed_secret": "09ca2f09a9f095bcd7a73185eba186b73fd6e69a",
        "is_verified": false,
        "line_number": 117
      }
    ],
    "docs/SECRETS.md": [
      {
        "type": "Secret Keyword",
        "filename": "docs/SECRETS.md",
        "hashed_secret": "129e1d0afc207587ea6f903ab13a38da336356c7",
        "is_verified": false,
        "line_number": 231
      },
      {
        "type": "Secret Keyword",
        "filename": "docs/SECRETS.md",
        "hashed_secret": "c6bcb21576693b323f464c8e5b8cae168c8448d9",
        "is_verified": false,
        "line_number": 285
      },
      {
        "type": "Secret Keyword",
        "filename": "docs/SECRETS.md",
        "hashed_secret": "cefc8673c1cc786b51a25cb5b9d66bdccd1a9134",
        "is_verified": false,
        "line_number": 346
      },
      {
        "type": "Secret Keyword",
        "filename": "docs/SECRETS.md",
        "hashed_secret": "b83efb89100a5f11b5cb4418471326f6c5b669c7",
        "is_verified": false,
        "line_number": 381
      },
      {
        "type": "Secret Keyword",
        "filename": "docs/SECRETS.md",
        "hashed_secret": "37487010b4ea7ef0c229eb32e69f228a9b0f5ae2",
        "is_verified": false,
        "line_number": 618
      },
      {
        "type": "Secret Keyword",
        "filename": "docs/SECRETS.md",
        "hashed_secret": "c2d5177df2e8161f398a099222ce551d0594cd34",
        "is_verified": false,
        "line_number": 642
      }
    ],
    "docs/TWILIO_SIP_SETUP.md": [
      {
        "type": "Twilio API Key",
        "filename": "docs/TWILIO_SIP_SETUP.md",
        "hashed_secret": "3c7206eff845bc69cf12d904d0f95f9aec15535e",
        "is_verified": false,
        "line_number": 11
      }
    ],
    "docs/VOICE_VIDEO_INTEGRATION.md": [
      {
        "type": "Twilio API Key",
        "filename": "docs/VOICE_VIDEO_INTEGRATION.md",
        "hashed_secret": "3c7206eff845bc69cf12d904d0f95f9aec15535e",
        "is_verified": false,
        "line_number": 47
      },
      {
        "type": "Secret Keyword",
        "filename": "docs/VOICE_VIDEO_INTEGRATION.md",
        "hashed_secret": "fbfced6bc7d1d90163f6867012436bdcf95abb87",
        "is_verified": false,
        "line_number": 62
      },
      {
        "type": "Secret Keyword",
        "filename": "docs/VOICE_VIDEO_INTEGRATION.md",
        "hashed_secret": "d1b7e1c27fc85c2bb6e5f2923451bbc76b156e72",
        "is_verified": false,
        "line_number": 63
      }
    ],
    "examples/api_usage.py": [
      {
        "type": "Secret Keyword",
        "filename": "examples/api_usage.py",
        "hashed_secret": "09ca2f09a9f095bcd7a73185eba186b73fd6e69a",
        "is_verified": false,
        "line_number": 15
      },
      {
        "type": "Secret Keyword",
        "filename": "examples/api_usage.py",
        "hashed_secret": "4d7ed3104c7fcff024f1ca0a3cb46b5db44f5b38",
        "is_verified": false,
        "line_number": 19
      }
    ],
    "examples/production_hardening_example.py": [
      {
        "type": "Secret Keyword",
        "filename": "examples/production_hardening_example.py",
        "hashed_secret": "f9b776909b67815e59c0fa3bd5ee8ef0b9376f2c",
        "is_verified": false,
        "line_number": 333
      }
    ],
    "examples/security/secrets_management_example.py": [
      {
        "type": "Secret Keyword",
        "filename": "examples/security/secrets_management_example.py",
        "hashed_secret": "0ee4dc1540b617912a23b150eef0a4fe073ca99a",
        "is_verified": false,
        "line_number": 104
      },
      {
        "type": "Secret Keyword",
        "filename": "examples/security/secrets_management_example.py",
        "hashed_secret": "1994962b98208be6dde22fa8fbc47c0ed20866a7",
        "is_verified": false,
        "line_number": 183
      },
      {
        "type": "Secret Keyword",
        "filename": "examples/security/secrets_management_example.py",
        "hashed_secret": "168a19a0fba1766a9e9110eaab515881b1e87273",
        "is_verified": false,
        "line_number": 184
      },
      {
        "type": "Secret Keyword",
        "filename": "examples/security/secrets_management_example.py",
        "hashed_secret": "cbfdac6008f9cab4083784cbd1874f76618d2a97",
        "is_verified": false,
        "line_number": 250
      }
    ],
    "migrations/env.py": [
      {
        "type": "Basic Auth Credentials",
        "filename": "migrations/env.py",
        "hashed_secret": "9d4e1e23bd5b727046a9e3b4b7db57bd8d6ee684",
        "is_verified": false,
        "line_number": 47
      }
    ],
    "packages/kagami-qa-pipeline/tests/config.test.ts": [
      {
        "type": "Secret Keyword",
        "filename": "packages/kagami-qa-pipeline/tests/config.test.ts",
        "hashed_secret": "2e7a7ee14caebf378fc32d6cf6f557f347c96773",
        "is_verified": false,
        "line_number": 13
      },
      {
        "type": "Secret Keyword",
        "filename": "packages/kagami-qa-pipeline/tests/config.test.ts",
        "hashed_secret": "a94a8fe5ccb19ba61c4c0873d391e987982fbbd3",
        "is_verified": false,
        "line_number": 115
      }
    ],
    "packages/kagami-qa-pipeline/tests/tracker.test.ts": [
      {
        "type": "Secret Keyword",
        "filename": "packages/kagami-qa-pipeline/tests/tracker.test.ts",
        "hashed_secret": "3acfb2c2b433c0ea7ff107e33df91b18e52f960f",
        "is_verified": false,
        "line_number": 29
      }
    ],
    "packages/kagami/core/agents/auth.py": [
      {
        "type": "Secret Keyword",
        "filename": "packages/kagami/core/agents/auth.py",
        "hashed_secret": "0bf405ef0650737f0f4f2aa6f128095e84dda003",
        "is_verified": false,
        "line_number": 56
      },
      {
        "type": "Secret Keyword",
        "filename": "packages/kagami/core/agents/auth.py",
        "hashed_secret": "2375d1c52d0be55b12c5fd6b78117bcecc4f8b28",
        "is_verified": false,
        "line_number": 155
      }
    ],
    "packages/kagami/core/agents/knowledge_graph.py": [
      {
        "type": "Secret Keyword",
        "filename": "packages/kagami/core/agents/knowledge_graph.py",
        "hashed_secret": "e5e9fa1ba31ecd1ae84f75caaa474f3a663f05f4",
        "is_verified": false,
        "line_number": 74
      }
    ],
    "packages/kagami/core/config/validator.py": [
      {
        "type": "Secret Keyword",
        "filename": "packages/kagami/core/config/validator.py",
        "hashed_secret": "9d2e9f53090e384565e377263750d73eb220ded1",
        "is_verified": false,
        "line_number": 121
      },
      {
        "type": "Secret Keyword",
        "filename": "packages/kagami/core/config/validator.py",
        "hashed_secret": "9ff19533cd7d2e9b2a43bf7d8086bce7f5b299d2",
        "is_verified": false,
        "line_number": 122
      }
    ],
    "packages/kagami/core/effectors/renderers/vm_renderer.py": [
      {
        "type": "Secret Keyword",
        "filename": "packages/kagami/core/effectors/renderers/vm_renderer.py",
        "hashed_secret": "85db14d5b1ec7168ff6fcd2a3e96cd79053bdf4a",
        "is_verified": false,
        "line_number": 45
      }
    ],
    "packages/kagami/core/embodiment/video_encoder.py": [
      {
        "type": "Hex High Entropy String",
        "filename": "packages/kagami/core/embodiment/video_encoder.py",
        "hashed_secret": "8006ebc594c37c13c5faff52ca917f59c891fb96",
        "is_verified": false,
        "line_number": 82
      }
    ],
    "packages/kagami/core/federation/github_config.py": [
      {
        "type": "Private Key",
        "filename": "packages/kagami/core/federation/github_config.py",
        "hashed_secret": "be4fc4886bd949b369d5e092eb87494f12e57e5b",
        "is_verified": false,
        "line_number": 124
      }
    ],
    "packages/kagami/core/i18n/locales/de.json": [
      {
        "type": "Secret Keyword",
        "filename": "packages/kagami/core/i18n/locales/de.json",
        "hashed_secret": "0719708d1cc814839bd818fdc27d446652f03383",
        "is_verified": false,
        "line_number": 52
      },
      {
        "type": "Secret Keyword",
        "filename": "packages/kagami/core/i18n/locales/de.json",
        "hashed_secret": "49c64f468dd38410e128aaa8e6766b96ca50e5bc",
        "is_verified": false,
        "line_number": 53
      }
    ],
    "packages/kagami/core/i18n/locales/en.json": [
      {
        "type": "Secret Keyword",
        "filename": "packages/kagami/core/i18n/locales/en.json",
        "hashed_secret": "8be3c943b1609fffbfc51aad666d0a04adf83c9d",
        "is_verified": false,
        "line_number": 52
      },
      {
        "type": "Secret Keyword",
        "filename": "packages/kagami/core/i18n/locales/en.json",
        "hashed_secret": "1cc8d1815154fb6f9346049babcf6b879151f5f9",
        "is_verified": false,
        "line_number": 53
      }
    ],
    "packages/kagami/core/i18n/locales/es.json": [
      {
        "type": "Secret Keyword",
        "filename": "packages/kagami/core/i18n/locales/es.json",
        "hashed_secret": "5a6d1c612954979ea99ee33dbb2d231b00f6ac0a",
        "is_verified": false,
        "line_number": 52
      }
    ],
    "packages/kagami/core/i18n/locales/fr.json": [
      {
        "type": "Secret Keyword",
        "filename": "packages/kagami/core/i18n/locales/fr.json",
        "hashed_secret": "94e2f3ee14b92e2e675a8f6118d28738dbf5c6ba",
        "is_verified": false,
        "line_number": 52
      },
      {
        "type": "Secret Keyword",
        "filename": "packages/kagami/core/i18n/locales/fr.json",
        "hashed_secret": "d95cb56a7a9d98623243e57714e5a93c0cee992e",
        "is_verified": false,
        "line_number": 53
      }
    ],
    "packages/kagami/core/i18n/locales/pt.json": [
      {
        "type": "Secret Keyword",
        "filename": "packages/kagami/core/i18n/locales/pt.json",
        "hashed_secret": "deba0172511d5701d964202f4e5de698d5e07c67",
        "is_verified": false,
        "line_number": 52
      },
      {
        "type": "Secret Keyword",
        "filename": "packages/kagami/core/i18n/locales/pt.json",
        "hashed_secret": "ba06a1874a1c2732f6df7838b3eaa8d0bde8e34a",
        "is_verified": false,
        "line_number": 53
      }
    ],
    "packages/kagami/core/i18n/locales/vi.json": [
      {
        "type": "Secret Keyword",
        "filename": "packages/kagami/core/i18n/locales/vi.json",
        "hashed_secret": "888c9c47cfe0a0fb3c58896221597615a31a6ed1",
        "is_verified": false,
        "line_number": 52
      },
      {
        "type": "Secret Keyword",
        "filename": "packages/kagami/core/i18n/locales/vi.json",
        "hashed_secret": "1630fc027a1ac4555c7f54c8b9ecd9b36f12c821",
        "is_verified": false,
        "line_number": 53
      }
    ],
    "packages/kagami/core/routing/llm_driven_router.py": [
      {
        "type": "Secret Keyword",
        "filename": "packages/kagami/core/routing/llm_driven_router.py",
        "hashed_secret": "4835254aab9494e03d8b72e816719a4914612587",
        "is_verified": false,
        "line_number": 89
      },
      {
        "type": "Secret Keyword",
        "filename": "packages/kagami/core/routing/llm_driven_router.py",
        "hashed_secret": "02ecb94373bfb3dfe827ca18409f50b016e8302a",
        "is_verified": false,
        "line_number": 97
      },
      {
        "type": "Secret Keyword",
        "filename": "packages/kagami/core/routing/llm_driven_router.py",
        "hashed_secret": "f8ca0d7266886f4b5be9adddc9b66017b3bf1a4b",
        "is_verified": false,
        "line_number": 105
      }
    ],
    "packages/kagami/core/security/rotation.py": [
      {
        "type": "Secret Keyword",
        "filename": "packages/kagami/core/security/rotation.py",
        "hashed_secret": "0ee4dc1540b617912a23b150eef0a4fe073ca99a",
        "is_verified": false,
        "line_number": 459
      },
      {
        "type": "Secret Keyword",
        "filename": "packages/kagami/core/security/rotation.py",
        "hashed_secret": "23f823639c97cf610ad4fc043fdb39f6082f23d3",
        "is_verified": false,
        "line_number": 466
      },
      {
        "type": "Secret Keyword",
        "filename": "packages/kagami/core/security/rotation.py",
        "hashed_secret": "95e42885eee28f5aa08d3ee79d8ec1b2a707d103",
        "is_verified": false,
        "line_number": 473
      },
      {
        "type": "Secret Keyword",
        "filename": "packages/kagami/core/security/rotation.py",
        "hashed_secret": "9952a97c9ee13f5435ee4e8e7c671b59ab039d04",
        "is_verified": false,
        "line_number": 480
      }
    ],
    "packages/kagami/core/security/secrets_manager.py": [
      {
        "type": "Secret Keyword",
        "filename": "packages/kagami/core/security/secrets_manager.py",
        "hashed_secret": "55357933a7310d2db90c3fa1ed0970a7bb34ed39",
        "is_verified": false,
        "line_number": 39
      },
      {
        "type": "Secret Keyword",
        "filename": "packages/kagami/core/security/secrets_manager.py",
        "hashed_secret": "fc1aa7ef6e9f80a78fea9896d73bfcef0cf24868",
        "is_verified": false,
        "line_number": 40
      }
    ],
    "packages/kagami/core/utils/ids.py": [
      {
        "type": "Hex High Entropy String",
        "filename": "packages/kagami/core/utils/ids.py",
        "hashed_secret": "0eb90272c270840d60c613e610d9cdad82e30c3b",
        "is_verified": false,
        "line_number": 50
      },
      {
        "type": "Hex High Entropy String",
        "filename": "packages/kagami/core/utils/ids.py",
        "hashed_secret": "a768f5010a26630a28fe7412bbae11ce62014dce",
        "is_verified": false,
        "line_number": 104
      }
    ],
    "packages/kagami_api/routes/agents/websocket.py": [
      {
        "type": "Secret Keyword",
        "filename": "packages/kagami_api/routes/agents/websocket.py",
        "hashed_secret": "93e570ec7608b98174e07343ea0de22d04b09165",
        "is_verified": false,
        "line_number": 78
      }
    ],
    "packages/kagami_api/routes/hub/ota_secure.py": [
      {
        "type": "Hex High Entropy String",
        "filename": "packages/kagami_api/routes/hub/ota_secure.py",
        "hashed_secret": "244f421f896bdcdd2784dccf4eaf7c8dfd5189b5",
        "is_verified": false,
        "line_number": 88
      }
    ],
    "packages/kagami_api/routes/user/ldap.py": [
      {
        "type": "Secret Keyword",
        "filename": "packages/kagami_api/routes/user/ldap.py",
        "hashed_secret": "9fb7fe1217aed442b04c0f5e43b5d5a7d3287097",
        "is_verified": false,
        "line_number": 323
      }
    ],
    "packages/kagami_api/routes/user/oauth_provider.py": [
      {
        "type": "Secret Keyword",
        "filename": "packages/kagami_api/routes/user/oauth_provider.py",
        "hashed_secret": "7272a820a973dd8e83c5d11c83d38380a857272d",
        "is_verified": false,
        "line_number": 125
      }
    ],
    "packages/kagami_api/security/websocket.py": [
      {
        "type": "Secret Keyword",
        "filename": "packages/kagami_api/security/websocket.py",
        "hashed_secret": "00942f4668670f34c5943cf52c7ef3139fe2b8d6",
        "is_verified": false,
        "line_number": 42
      }
    ],
    "packages/kagami_api/security_middleware.py": [
      {
        "type": "Secret Keyword",
        "filename": "packages/kagami_api/security_middleware.py",
        "hashed_secret": "eb4500dd93eaa5872cb55d615a4674f23930c623",
        "is_verified": false,
        "line_number": 85
      }
    ],
    "packages/kagami_benchmarks/kagami_benchmarks/ai/swebench_runner.py": [
      {
        "type": "Hex High Entropy String",
        "filename": "packages/kagami_benchmarks/kagami_benchmarks/ai/swebench_runner.py",
        "hashed_secret": "ae22cec79e4b2e4422a07273e660320656253f86",
        "is_verified": false,
        "line_number": 115
      },
      {
        "type": "Hex High Entropy String",
        "filename": "packages/kagami_benchmarks/kagami_benchmarks/ai/swebench_runner.py",
        "hashed_secret": "6e9fc3a3b151c27aaaa62016a8f0191d197224ce",
        "is_verified": false,
        "line_number": 123
      },
      {
        "type": "Hex High Entropy String",
        "filename": "packages/kagami_benchmarks/kagami_benchmarks/ai/swebench_runner.py",
        "hashed_secret": "bd3df78b6a3eaffcc29d7753b7514a5b5d1a5437",
        "is_verified": false,
        "line_number": 131
      }
    ],
    "packages/kagami_hal/adapters/vm/cua_lume.py": [
      {
        "type": "Secret Keyword",
        "filename": "packages/kagami_hal/adapters/vm/cua_lume.py",
        "hashed_secret": "85db14d5b1ec7168ff6fcd2a3e96cd79053bdf4a",
        "is_verified": false,
        "line_number": 53
      }
    ],
    "packages/kagami_integrations/autogen/bridge.py": [
      {
        "type": "Secret Keyword",
        "filename": "packages/kagami_integrations/autogen/bridge.py",
        "hashed_secret": "6d9c68c603e465077bdd49c62347fe54717f83a3",
        "is_verified": false,
        "line_number": 23
      }
    ],
    "packages/kagami_integrations/autogen/integration.py": [
      {
        "type": "Secret Keyword",
        "filename": "packages/kagami_integrations/autogen/integration.py",
        "hashed_secret": "6d9c68c603e465077bdd49c62347fe54717f83a3",
        "is_verified": false,
        "line_number": 27
      }
    ],
    "packages/kagami_integrations/unified_executor.py": [
      {
        "type": "Secret Keyword",
        "filename": "packages/kagami_integrations/unified_executor.py",
        "hashed_secret": "11fa7c37d697f30e6aee828b4426a10f83ab2380",
        "is_verified": false,
        "line_number": 55
      }
    ],
    "packages/kagami_smarthome/integrations/control4.py": [
      {
        "type": "Hex High Entropy String",
        "filename": "packages/kagami_smarthome/integrations/control4.py",
        "hashed_secret": "4c40556d83c5fb236b45509935da8b314fd70f52",
        "is_verified": false,
        "line_number": 72
      }
    ],
    "packages/kagami_smarthome/integrations/electrolux.py": [
      {
        "type": "Secret Keyword",
        "filename": "packages/kagami_smarthome/integrations/electrolux.py",
        "hashed_secret": "564e340cd48437d2dfe876ee154cc99dc4d0d137",
        "is_verified": false,
        "line_number": 166
      }
    ],
    "packages/kagami_smarthome/integrations/envisalink.py": [
      {
        "type": "Secret Keyword",
        "filename": "packages/kagami_smarthome/integrations/envisalink.py",
        "hashed_secret": "12dea96fec20593566ab75692c9949596833adc9",
        "is_verified": false,
        "line_number": 240
      }
    ],
    "packages/kagami_smarthome/integrations/lg_tv.py": [
      {
        "type": "Hex High Entropy String",
        "filename": "packages/kagami_smarthome/integrations/lg_tv.py",
        "hashed_secret": "016baead8b18905220b7c5c352bef980d45bfa0a",
        "is_verified": false,
        "line_number": 100
      }
    ],
    "packages/kagami_smarthome/integrations/mitsubishi.py": [
      {
        "type": "Secret Keyword",
        "filename": "packages/kagami_smarthome/integrations/mitsubishi.py",
        "hashed_secret": "564e340cd48437d2dfe876ee154cc99dc4d0d137",
        "is_verified": false,
        "line_number": 161
      }
    ],
    "packages/kagami_smarthome/tests/test_discovery.py": [
      {
        "type": "Secret Keyword",
        "filename": "packages/kagami_smarthome/tests/test_discovery.py",
        "hashed_secret": "e8662cfb96bd9c7fe84c31d76819ec3a92c80e63",
        "is_verified": false,
        "line_number": 169
      }
    ],
    "packages/kagami_smarthome/tests/test_network_resilience.py": [
      {
        "type": "Secret Keyword",
        "filename": "packages/kagami_smarthome/tests/test_network_resilience.py",
        "hashed_secret": "a94a8fe5ccb19ba61c4c0873d391e987982fbbd3",
        "is_verified": false,
        "line_number": 111
      }
    ],
    "packages/kagami_smarthome/tests/test_tesla.py": [
      {
        "type": "Secret Keyword",
        "filename": "packages/kagami_smarthome/tests/test_tesla.py",
        "hashed_secret": "1089adfb1f11b95df31344030507912b5abdf57a",
        "is_verified": false,
        "line_number": 46
      }
    ],
    "scripts/db/README.md": [
      {
        "type": "Basic Auth Credentials",
        "filename": "scripts/db/README.md",
        "hashed_secret": "5baa61e4c9b93f3f0682250b6cf8331b7ee68fd8",
        "is_verified": false,
        "line_number": 9
      }
    ],
    "scripts/db/migrate.py": [
      {
        "type": "Basic Auth Credentials",
        "filename": "scripts/db/migrate.py",
        "hashed_secret": "9d4e1e23bd5b727046a9e3b4b7db57bd8d6ee684",
        "is_verified": false,
        "line_number": 50
      }
    ],
    "scripts/db/rollback.py": [
      {
        "type": "Basic Auth Credentials",
        "filename": "scripts/db/rollback.py",
        "hashed_secret": "9d4e1e23bd5b727046a9e3b4b7db57bd8d6ee684",
        "is_verified": false,
        "line_number": 53
      }
    ],
    "tests/api/routes/user/test_voice_profiles.py": [
      {
        "type": "Secret Keyword",
        "filename": "tests/api/routes/user/test_voice_profiles.py",
        "hashed_secret": "f416c789a92092d7e4d00339aa43835b26683b19",
        "is_verified": false,
        "line_number": 509
      }
    ],
    "tests/api/security/test_api_key_manager.py": [
      {
        "type": "Secret Keyword",
        "filename": "tests/api/security/test_api_key_manager.py",
        "hashed_secret": "76d272348754c134485ac7c657f4ff5d1d761324",
        "is_verified": false,
        "line_number": 75
      }
    ],
    "tests/api/test_csrf_metrics.py": [
      {
        "type": "Secret Keyword",
        "filename": "tests/api/test_csrf_metrics.py",
        "hashed_secret": "305a9608085f2d7368a40e8a8d516adc9e9b3a89",
        "is_verified": false,
        "line_number": 52
      }
    ],
    "tests/api/test_routing_api_security.py": [
      {
        "type": "Secret Keyword",
        "filename": "tests/api/test_routing_api_security.py",
        "hashed_secret": "76d272348754c134485ac7c657f4ff5d1d761324",
        "is_verified": false,
        "line_number": 66
      }
    ],
    "tests/benchmarks/kagami_benchmarks/ai/swebench_runner.py": [
      {
        "type": "Hex High Entropy String",
        "filename": "tests/benchmarks/kagami_benchmarks/ai/swebench_runner.py",
        "hashed_secret": "ae22cec79e4b2e4422a07273e660320656253f86",
        "is_verified": false,
        "line_number": 115
      },
      {
        "type": "Hex High Entropy String",
        "filename": "tests/benchmarks/kagami_benchmarks/ai/swebench_runner.py",
        "hashed_secret": "6e9fc3a3b151c27aaaa62016a8f0191d197224ce",
        "is_verified": false,
        "line_number": 123
      },
      {
        "type": "Hex High Entropy String",
        "filename": "tests/benchmarks/kagami_benchmarks/ai/swebench_runner.py",
        "hashed_secret": "bd3df78b6a3eaffcc29d7753b7514a5b5d1a5437",
        "is_verified": false,
        "line_number": 131
      }
    ],
    "tests/conftest_smarthome.py": [
      {
        "type": "Secret Keyword",
        "filename": "tests/conftest_smarthome.py",
        "hashed_secret": "9fb7fe1217aed442b04c0f5e43b5d5a7d3287097",
        "is_verified": false,
        "line_number": 52
      },
      {
        "type": "Secret Keyword",
        "filename": "tests/conftest_smarthome.py",
        "hashed_secret": "651b7ed4de505b9bbd82ae955e60e4639b326b82",
        "is_verified": false,
        "line_number": 55
      },
      {
        "type": "Secret Keyword",
        "filename": "tests/conftest_smarthome.py",
        "hashed_secret": "12dea96fec20593566ab75692c9949596833adc9",
        "is_verified": false,
        "line_number": 69
      }
    ],
    "tests/contracts/test_api_response_contracts.py": [
      {
        "type": "Secret Keyword",
        "filename": "tests/contracts/test_api_response_contracts.py",
        "hashed_secret": "a4b48a81cdab1e1a5dd37907d6c85ca1c61ddc7c",
        "is_verified": false,
        "line_number": 241
      }
    ],
    "tests/core/database/test_models.py": [
      {
        "type": "Secret Keyword",
        "filename": "tests/core/database/test_models.py",
        "hashed_secret": "2346ad27d7568ba9896f1b7da6b5991251debdf2",
        "is_verified": false,
        "line_number": 80
      }
    ],
    "tests/core/database/test_training_repository.py": [
      {
        "type": "Secret Keyword",
        "filename": "tests/core/database/test_training_repository.py",
        "hashed_secret": "2346ad27d7568ba9896f1b7da6b5991251debdf2",
        "is_verified": false,
        "line_number": 196
      }
    ],
    "tests/e2e/test_distributed_cluster.py": [
      {
        "type": "Secret Keyword",
        "filename": "tests/e2e/test_distributed_cluster.py",
        "hashed_secret": "e66c7dc7e28e2d15f030b9fa1488d31d224599a3",
        "is_verified": false,
        "line_number": 411
      }
    ],
    "tests/federation/test_enterprise.py": [
      {
        "type": "Secret Keyword",
        "filename": "tests/federation/test_enterprise.py",
        "hashed_secret": "1089adfb1f11b95df31344030507912b5abdf57a",
        "is_verified": false,
        "line_number": 61
      },
      {
        "type": "Secret Keyword",
        "filename": "tests/federation/test_enterprise.py",
        "hashed_secret": "f3633bdaf0c3c52b32c114c891e0c5c9debb4a6b",
        "is_verified": false,
        "line_number": 70
      },
      {
        "type": "Secret Keyword",
        "filename": "tests/federation/test_enterprise.py",
        "hashed_secret": "bc0acbc66a1201cddda104ed9677bb39dfca2f9e",
        "is_verified": false,
        "line_number": 82
      },
      {
        "type": "Private Key",
        "filename": "tests/federation/test_enterprise.py",
        "hashed_secret": "be4fc4886bd949b369d5e092eb87494f12e57e5b",
        "is_verified": false,
        "line_number": 90
      }
    ],
    "tests/fixtures/database.py": [
      {
        "type": "Basic Auth Credentials",
        "filename": "tests/fixtures/database.py",
        "hashed_secret": "a94a8fe5ccb19ba61c4c0873d391e987982fbbd3",
        "is_verified": false,
        "line_number": 42
      }
    ],
    "tests/fixtures/websocket_mocks.py": [
      {
        "type": "Secret Keyword",
        "filename": "tests/fixtures/websocket_mocks.py",
        "hashed_secret": "a94a8fe5ccb19ba61c4c0873d391e987982fbbd3",
        "is_verified": false,
        "line_number": 8
      },
      {
        "type": "Secret Keyword",
        "filename": "tests/fixtures/websocket_mocks.py",
        "hashed_secret": "3acfb2c2b433c0ea7ff107e33df91b18e52f960f",
        "is_verified": false,
        "line_number": 196
      },
      {
        "type": "Secret Keyword",
        "filename": "tests/fixtures/websocket_mocks.py",
        "hashed_secret": "81f344a7686a80b4c5293e8fdc0b0160c82c06a8",
        "is_verified": false,
        "line_number": 212
      }
    ],
    "tests/forge/test_unirig_integration.py": [
      {
        "type": "Secret Keyword",
        "filename": "tests/forge/test_unirig_integration.py",
        "hashed_secret": "00942f4668670f34c5943cf52c7ef3139fe2b8d6",
        "is_verified": false,
        "line_number": 115
      }
    ],
    "tests/integration/test_framework_integrations.py": [
      {
        "type": "Secret Keyword",
        "filename": "tests/integration/test_framework_integrations.py",
        "hashed_secret": "00942f4668670f34c5943cf52c7ef3139fe2b8d6",
        "is_verified": false,
        "line_number": 25
      }
    ],
    "tests/integration/test_langchain_integration.py": [
      {
        "type": "Secret Keyword",
        "filename": "tests/integration/test_langchain_integration.py",
        "hashed_secret": "3acfb2c2b433c0ea7ff107e33df91b18e52f960f",
        "is_verified": false,
        "line_number": 24
      }
    ],
    "tests/integration/test_rooms_socketio_inprocess_e2e.py": [
      {
        "type": "Secret Keyword",
        "filename": "tests/integration/test_rooms_socketio_inprocess_e2e.py",
        "hashed_secret": "767ef7376d44bb6e52b390ddcd12c1cb1b3902a4",
        "is_verified": false,
        "line_number": 62
      }
    ],
    "tests/integration/test_weaviate_improvements.py": [
      {
        "type": "Secret Keyword",
        "filename": "tests/integration/test_weaviate_improvements.py",
        "hashed_secret": "3acfb2c2b433c0ea7ff107e33df91b18e52f960f",
        "is_verified": false,
        "line_number": 44
      }
    ],
    "tests/integration/test_websocket_real.py": [
      {
        "type": "Secret Keyword",
        "filename": "tests/integration/test_websocket_real.py",
        "hashed_secret": "2e7a7ee14caebf378fc32d6cf6f557f347c96773",
        "is_verified": false,
        "line_number": 50
      }
    ],
    "tests/kagami/core/agents/test_security.py": [
      {
        "type": "Secret Keyword",
        "filename": "tests/kagami/core/agents/test_security.py",
        "hashed_secret": "f2b14f68eb995facb3a1c35287b778d5bd785511",
        "is_verified": false,
        "line_number": 307
      }
    ],
    "tests/kagami_api/routes/user/test_auth_extended.py": [
      {
        "type": "Base64 High Entropy String",
        "filename": "tests/kagami_api/routes/user/test_auth_extended.py",
        "hashed_secret": "365822579a8709344e1840a8b3e3cad51ec62a85",
        "is_verified": false,
        "line_number": 97
      },
      {
        "type": "Secret Keyword",
        "filename": "tests/kagami_api/routes/user/test_auth_extended.py",
        "hashed_secret": "b57fa0798cf182195d00866158f0f022ad324741",
        "is_verified": false,
        "line_number": 163
      },
      {
        "type": "Secret Keyword",
        "filename": "tests/kagami_api/routes/user/test_auth_extended.py",
        "hashed_secret": "9bb1d73405778c25498bbe665ba1c310b7479bf6",
        "is_verified": false,
        "line_number": 176
      }
    ],
    "tests/kagami_api/routes/user/test_oauth_provider.py": [
      {
        "type": "Secret Keyword",
        "filename": "tests/kagami_api/routes/user/test_oauth_provider.py",
        "hashed_secret": "7272a820a973dd8e83c5d11c83d38380a857272d",
        "is_verified": false,
        "line_number": 56
      },
      {
        "type": "Base64 High Entropy String",
        "filename": "tests/kagami_api/routes/user/test_oauth_provider.py",
        "hashed_secret": "c0eb1dc5057b4bc59b683c85f34d2f0545e85e46",
        "is_verified": false,
        "line_number": 142
      },
      {
        "type": "Base64 High Entropy String",
        "filename": "tests/kagami_api/routes/user/test_oauth_provider.py",
        "hashed_secret": "af61ad46b6cd9e34e683e894976ded4441f2d9aa",
        "is_verified": false,
        "line_number": 154
      },
      {
        "type": "Secret Keyword",
        "filename": "tests/kagami_api/routes/user/test_oauth_provider.py",
        "hashed_secret": "fe1bae27cb7c1fb823f496f286e78f1d2ae87734",
        "is_verified": false,
        "line_number": 201
      },
      {
        "type": "Secret Keyword",
        "filename": "tests/kagami_api/routes/user/test_oauth_provider.py",
        "hashed_secret": "e5e9fa1ba31ecd1ae84f75caaa474f3a663f05f4",
        "is_verified": false,
        "line_number": 236
      },
      {
        "type": "Secret Keyword",
        "filename": "tests/kagami_api/routes/user/test_oauth_provider.py",
        "hashed_secret": "7deeb1b520a95d17eb2f4cf59b05d5c5f9e71e4d",
        "is_verified": false,
        "line_number": 382
      },
      {
        "type": "Secret Keyword",
        "filename": "tests/kagami_api/routes/user/test_oauth_provider.py",
        "hashed_secret": "bf409ee50922b1ab3ce8ad58a5aa301a5ae6aca8",
        "is_verified": false,
        "line_number": 586
      },
      {
        "type": "Secret Keyword",
        "filename": "tests/kagami_api/routes/user/test_oauth_provider.py",
        "hashed_secret": "8e2e6bfcca02bad04198aa478e084f7b12abe246",
        "is_verified": false,
        "line_number": 638
      }
    ],
    "tests/kagami_api/routes/user/test_oauth_provider_e2e.py": [
      {
        "type": "Secret Keyword",
        "filename": "tests/kagami_api/routes/user/test_oauth_provider_e2e.py",
        "hashed_secret": "8c60f511ebc0ec0aee089a3c54b07b4a902027bd",
        "is_verified": false,
        "line_number": 37
      },
      {
        "type": "Secret Keyword",
        "filename": "tests/kagami_api/routes/user/test_oauth_provider_e2e.py",
        "hashed_secret": "7272a820a973dd8e83c5d11c83d38380a857272d",
        "is_verified": false,
        "line_number": 289
      },
      {
        "type": "Base64 High Entropy String",
        "filename": "tests/kagami_api/routes/user/test_oauth_provider_e2e.py",
        "hashed_secret": "c0eb1dc5057b4bc59b683c85f34d2f0545e85e46",
        "is_verified": false,
        "line_number": 323
      },
      {
        "type": "Base64 High Entropy String",
        "filename": "tests/kagami_api/routes/user/test_oauth_provider_e2e.py",
        "hashed_secret": "af61ad46b6cd9e34e683e894976ded4441f2d9aa",
        "is_verified": false,
        "line_number": 324
      },
      {
        "type": "Secret Keyword",
        "filename": "tests/kagami_api/routes/user/test_oauth_provider_e2e.py",
        "hashed_secret": "968c73e728bb8d01bf7e5b0e40cd943f28ce1d42",
        "is_verified": false,
        "line_number": 457
      },
      {
        "type": "Secret Keyword",
        "filename": "tests/kagami_api/routes/user/test_oauth_provider_e2e.py",
        "hashed_secret": "4cca1f08c90dfc2b2aadd89ffaa08d711993a86b",
        "is_verified": false,
        "line_number": 743
      }
    ],
    "tests/network/test_resilience_failover.py": [
      {
        "type": "Secret Keyword",
        "filename": "tests/network/test_resilience_failover.py",
        "hashed_secret": "cbfdac6008f9cab4083784cbd1874f76618d2a97",
        "is_verified": false,
        "line_number": 354
      },
      {
        "type": "Secret Keyword",
        "filename": "tests/network/test_resilience_failover.py",
        "hashed_secret": "12dea96fec20593566ab75692c9949596833adc9",
        "is_verified": false,
        "line_number": 549
      }
    ],
    "tests/security/test_encryption.py": [
      {
        "type": "Secret Keyword",
        "filename": "tests/security/test_encryption.py",
        "hashed_secret": "5c8a679271935617e75219fdf5b2774b4287ec80",
        "is_verified": false,
        "line_number": 122
      },
      {
        "type": "Secret Keyword",
        "filename": "tests/security/test_encryption.py",
        "hashed_secret": "a0f4ea7d91495df92bbac2e2149dfb850fe81396",
        "is_verified": false,
        "line_number": 131
      },
      {
        "type": "Secret Keyword",
        "filename": "tests/security/test_encryption.py",
        "hashed_secret": "3499c60eea227453c779de50fc84e217e9a53a18",
        "is_verified": false,
        "line_number": 140
      },
      {
        "type": "Secret Keyword",
        "filename": "tests/security/test_encryption.py",
        "hashed_secret": "fe649cd4f1390210b55f20d08a87e0c05f541d0e",
        "is_verified": false,
        "line_number": 149
      },
      {
        "type": "Secret Keyword",
        "filename": "tests/security/test_encryption.py",
        "hashed_secret": "d24e309b2897c7759e88e75fa311678685902daa",
        "is_verified": false,
        "line_number": 158
      },
      {
        "type": "Secret Keyword",
        "filename": "tests/security/test_encryption.py",
        "hashed_secret": "7a170d154053c92a6f9b4141ca6868b4dc2f33ff",
        "is_verified": false,
        "line_number": 211
      },
      {
        "type": "Secret Keyword",
        "filename": "tests/security/test_encryption.py",
        "hashed_secret": "862a8113c23be28ccbc87eb9c7e42ad5a3f320f3",
        "is_verified": false,
        "line_number": 253
      },
      {
        "type": "Secret Keyword",
        "filename": "tests/security/test_encryption.py",
        "hashed_secret": "4aa42bac25487698a891efcd942e94d5ef72c896",
        "is_verified": false,
        "line_number": 260
      }
    ],
    "tests/security/test_rotation.py": [
      {
        "type": "Secret Keyword",
        "filename": "tests/security/test_rotation.py",
        "hashed_secret": "72cb70dbbafe97e5ea13ad88acd65d08389439b0",
        "is_verified": false,
        "line_number": 42
      },
      {
        "type": "Secret Keyword",
        "filename": "tests/security/test_rotation.py",
        "hashed_secret": "2519c573aa1701cf2625773e9c0a9da345451247",
        "is_verified": false,
        "line_number": 126
      }
    ],
    "tests/security/test_secrets_manager.py": [
      {
        "type": "Secret Keyword",
        "filename": "tests/security/test_secrets_manager.py",
        "hashed_secret": "c871817b4ddd7dde1e07fb39507a1e72b0f8a41b",
        "is_verified": false,
        "line_number": 356
      },
      {
        "type": "Secret Keyword",
        "filename": "tests/security/test_secrets_manager.py",
        "hashed_secret": "8af47cfedaca0969b152d1010698ee60a5a675be",
        "is_verified": false,
        "line_number": 409
      },
      {
        "type": "Secret Keyword",
        "filename": "tests/security/test_secrets_manager.py",
        "hashed_secret": "b5bc013af872265e389b3abee36dd4932a206ab8",
        "is_verified": false,
        "line_number": 486
      },
      {
        "type": "Secret Keyword",
        "filename": "tests/security/test_secrets_manager.py",
        "hashed_secret": "71054f8eed1ddfcea2dd6bda41286861fd00234e",
        "is_verified": false,
        "line_number": 618
      }
    ],
    "tests/test_colony_capabilities.py": [
      {
        "type": "Secret Keyword",
        "filename": "tests/test_colony_capabilities.py",
        "hashed_secret": "f2b14f68eb995facb3a1c35287b778d5bd785511",
        "is_verified": false,
        "line_number": 58
      }
    ],
    "tests/unit/caching/test_hf_cache_integration.py": [
      {
        "type": "Hex High Entropy String",
        "filename": "tests/unit/caching/test_hf_cache_integration.py",
        "hashed_secret": "90bd1b48e958257948487b90bee080ba5ed00caa",
        "is_verified": false,
        "line_number": 48
      }
    ],
    "tests/unit/consensus/test_etcd_client.py": [
      {
        "type": "Secret Keyword",
        "filename": "tests/unit/consensus/test_etcd_client.py",
        "hashed_secret": "e5e9fa1ba31ecd1ae84f75caaa474f3a663f05f4",
        "is_verified": false,
        "line_number": 385
      }
    ],
    "tests/unit/security/test_websocket_auth.py": [
      {
        "type": "Secret Keyword",
        "filename": "tests/unit/security/test_websocket_auth.py",
        "hashed_secret": "767ef7376d44bb6e52b390ddcd12c1cb1b3902a4",
        "is_verified": false,
        "line_number": 72
      },
      {
        "type": "Secret Keyword",
        "filename": "tests/unit/security/test_websocket_auth.py",
        "hashed_secret": "00942f4668670f34c5943cf52c7ef3139fe2b8d6",
        "is_verified": false,
        "line_number": 132
      }
    ],
    "tests/unit/studio/test_audio_processing.py": [
      {
        "type": "Secret Keyword",
        "filename": "tests/unit/studio/test_audio_processing.py",
        "hashed_secret": "a55ce32436b04d9fb3f36a67a99bc6ff5bbaae76",
        "is_verified": false,
        "line_number": 38
      },
      {
        "type": "Secret Keyword",
        "filename": "tests/unit/studio/test_audio_processing.py",
        "hashed_secret": "73c405044efd8e0f6b5bc0eb722bd2e815c92491",
        "is_verified": false,
        "line_number": 229
      }
    ],
    "tests/unit/studio/test_video_generation.py": [
      {
        "type": "Secret Keyword",
        "filename": "tests/unit/studio/test_video_generation.py",
        "hashed_secret": "df6b0aacada37d82efab8c0b620481a736b9c62f",
        "is_verified": false,
        "line_number": 88
      },
      {
        "type": "Secret Keyword",
        "filename": "tests/unit/studio/test_video_generation.py",
        "hashed_secret": "f935d5b8f5dc8598b63655092e79eb02d9d281db",
        "is_verified": false,
        "line_number": 264
      },
      {
        "type": "Secret Keyword",
        "filename": "tests/unit/studio/test_video_generation.py",
        "hashed_secret": "d98d0f3dabeba4408d720d5d3b301f19267e7701",
        "is_verified": false,
        "line_number": 279
      },
      {
        "type": "Secret Keyword",
        "filename": "tests/unit/studio/test_video_generation.py",
        "hashed_secret": "7fcc2af2c6f5dca496bd1c98fb9fcd048abd3b34",
        "is_verified": false,
        "line_number": 408
      },
      {
        "type": "Secret Keyword",
        "filename": "tests/unit/studio/test_video_generation.py",
        "hashed_secret": "7089c5758a34a73fa44e9af918f468330e6aa7ba",
        "is_verified": false,
        "line_number": 409
      }
    ],
    "tests/unit/test_logging_setup_quick.py": [
      {
        "type": "Secret Keyword",
        "filename": "tests/unit/test_logging_setup_quick.py",
        "hashed_secret": "f3bbbd66a63d4bf1747940578ec3d0103530e21d",
        "is_verified": false,
        "line_number": 31
      }
    ],
    "tests/unit/test_tls_enforcement.py": [
      {
        "type": "Secret Keyword",
        "filename": "tests/unit/test_tls_enforcement.py",
        "hashed_secret": "74ba31d41223751c75cc0a453dd7df04889bdc72",
        "is_verified": false,
        "line_number": 234
      }
    ]
  },
  "generated_at": "2026-01-13T04:21:21Z"
}
